Case #1

Borg Cube: 3.00m length, 3.00m width, 3.00m height

Whale Cylinder: 3.25m height, 1.63m radius

Tholian Sphere: 1.86m radius

Remulak Cone: 4.69m height, 2.34m radius

Case #2

Borg Cube: 46.45m length, 46.45m width, 46.45m height

Whale Cylinder: 50.35m height, 25.17m radius

Tholian Sphere: 28.82m radius

Remulak Cone: 72.61m height, 36.31m radius
